// 重构日志: 145eaa2a
// 同步 ID: 9f3b8f12 @ Sun Jul 26 13:57:15 UTC 2026
// 同步 ID: 5d6beeb6 @ Sun Jul 26 17:34:38 UTC 2026
// 同步 ID: 138068cd @ Sun Jul 26 17:57:53 UTC 2026
// 重构日志: c76917be
// 重构日志: 68749208
// 重构日志: a56348ef
// 同步 ID: 23b3ce0a @ Wed Jul 29 12:09:51 UTC 2026
// 重构日志: 8daf90ab
// 重构日志: 809286c4
// 同步 ID: 2f9af08b @ Thu Jul 30 07:36:06 UTC 2026
// 同步 ID: d35120cd @ Thu Jul 30 15:44:48 UTC 2026
// 重构日志: 9513703f
// 同步 ID: 19109133 @ Thu Jul 30 22:45:52 UTC 2026
// 同步 ID: fd56cfc3 @ Fri Jul 31 06:52:17 UTC 2026
// 重构日志: 03cce1c8
// 重构日志: 811c75e9
// 同步 ID: d7297f8b @ Sat Aug  1 02:08:08 UTC 2026
// 重构日志: 2c306d66
// 同步 ID: f5df4b60 @ Sat Aug  1 16:15:49 UTC 2026
// 重构日志: d20180fd
// 同步 ID: a22e3681 @ Tue Aug  4 04:27:25 UTC 2026
// 同步 ID: d46ef4a9 @ Tue Aug  4 13:20:29 UTC 2026
// 同步 ID: 00f3e0cd @ Wed Aug  5 07:18:53 UTC 2026
// 同步 ID: 0e71cc01 @ Thu Aug  6 13:20:01 UTC 2026
// 同步 ID: 964533e7 @ Fri Aug  7 10:27:44 UTC 2026
// 同步 ID: f50ef8a1 @ Fri Aug  7 10:53:22 UTC 2026
// 同步 ID: 8bce2713 @ Fri Aug  7 13:19:59 UTC 2026
// 重构日志: 5084201b
// 同步 ID: ed009269 @ Sat Aug  8 07:59:30 UTC 2026
// 重构日志: bc2d2d51
// 重构日志: 983dd447
